
> kelly-os-reconciliation@1.0.0 build
> prisma generate && next build

Environment variables loaded from .env
Prisma schema loaded from prisma\schema.prisma

Γ£ö Generated Prisma Client (v5.22.0) to .\node_modules\@prisma\client in 1.16s

Start by importing your Prisma Client (See: https://pris.ly/d/importing-client)

Tip: Want real-time updates to your database without manual polling? Discover how with Pulse: https://pris.ly/tip-0-pulse

  Γû▓ Next.js 14.2.35
  - Environments: .env.local, .env

   Creating an optimized production build ...
 Γ£ô Compiled successfully
   Linting and checking validity of types ...
   Collecting page data ...
   Generating static pages (0/73) ...
node.exe : Error generating aging report: B [Error]: Dynamic server usage: 
Route /api/analytics/aging-report couldn't be rendered statically because it 
used `request.headers`. See more info here: 
https://nextjs.org/docs/messages/dynamic-server-error
At line:1 char:1
+ & "C:\Program Files\nodejs/node.exe" "C:\Program Files\nodejs/node_mo ...
+ ~~~~~~~~~~~~~~~~~~~~~~~~~~~~~~~~~~~~~~~~~~~~~~~~~~~~~~~~~~~~~~~~~~~~~
    + CategoryInfo          : NotSpecified: (Error generatin...ic-server-error 
   :String) [], RemoteException
    + FullyQualifiedErrorId : NativeCommandError
 
    at V (C:\Users\zachn\OneDrive\Desktop\elegante-main\node_modules\next\dist\
compiled\next-server\app-route.runtime.prod.js:6:21778)
    at Object.get (C:\Users\zachn\OneDrive\Desktop\elegante-main\node_modules\n
ext\dist\compiled\next-server\app-route.runtime.prod.js:6:29465)
    at h (C:\Users\zachn\OneDrive\Desktop\elegante-main\.next\server\chunks\834
3.js:1:548)
    at l (C:\Users\zachn\OneDrive\Desktop\elegante-main\.next\server\app\api\an
alytics\aging-report\route.js:1:759)
    at C:\Users\zachn\OneDrive\Desktop\elegante-main\node_modules\next\dist\com
piled\next-server\app-route.runtime.prod.js:6:38417
    at C:\Users\zachn\OneDrive\Desktop\elegante-main\node_modules\next\dist\ser
ver\lib\trace\tracer.js:140:36
    at NoopContextManager.with (C:\Users\zachn\OneDrive\Desktop\elegante-main\n
ode_modules\next\dist\compiled\@opentelemetry\api\index.js:1:7062)
    at ContextAPI.with (C:\Users\zachn\OneDrive\Desktop\elegante-main\node_modu
les\next\dist\compiled\@opentelemetry\api\index.js:1:518)
    at NoopTracer.startActiveSpan (C:\Users\zachn\OneDrive\Desktop\elegante-mai
n\node_modules\next\dist\compiled\@opentelemetry\api\index.js:1:18093)
    at ProxyTracer.startActiveSpan (C:\Users\zachn\OneDrive\Desktop\elegante-ma
in\node_modules\next\dist\compiled\@opentelemetry\api\index.js:1:18854)
    at C:\Users\zachn\OneDrive\Desktop\elegante-main\node_modules\next\dist\ser
ver\lib\trace\tracer.js:122:103
    at NoopContextManager.with (C:\Users\zachn\OneDrive\Desktop\elegante-main\n
ode_modules\next\dist\compiled\@opentelemetry\api\index.js:1:7062)
    at ContextAPI.with (C:\Users\zachn\OneDrive\Desktop\elegante-main\node_modu
les\next\dist\compiled\@opentelemetry\api\index.js:1:518)
    at NextTracerImpl.trace (C:\Users\zachn\OneDrive\Desktop\elegante-main\node
_modules\next\dist\server\lib\trace\tracer.js:122:28)
    at C:\Users\zachn\OneDrive\Desktop\elegante-main\node_modules\next\dist\com
piled\next-server\app-route.runtime.prod.js:6:29925
    at AsyncLocalStorage.run 
(node:internal/async_local_storage/async_context_frame:63:14) {
  description: "Route /api/analytics/aging-report couldn't be rendered 
statically because it used `request.headers`. See more info here: 
https://nextjs.org/docs/messages/dynamic-server-error",
  digest: 'DYNAMIC_SERVER_USAGE'
}
Error fetching dashboard metrics: B [Error]: Dynamic server usage: Route 
/api/analytics/dashboard couldn't be rendered statically because it used 
`request.headers`. See more info here: 
https://nextjs.org/docs/messages/dynamic-server-error
    at V (C:\Users\zachn\OneDrive\Desktop\elegante-main\node_modules\next\dist\
compiled\next-server\app-route.runtime.prod.js:6:21778)
    at Object.get (C:\Users\zachn\OneDrive\Desktop\elegante-main\node_modules\n
ext\dist\compiled\next-server\app-route.runtime.prod.js:6:29465)
    at h (C:\Users\zachn\OneDrive\Desktop\elegante-main\.next\server\chunks\834
3.js:1:548)
    at l (C:\Users\zachn\OneDrive\Desktop\elegante-main\.next\server\app\api\an
alytics\dashboard\route.js:1:757)
    at C:\Users\zachn\OneDrive\Desktop\elegante-main\node_modules\next\dist\com
piled\next-server\app-route.runtime.prod.js:6:38417
    at C:\Users\zachn\OneDrive\Desktop\elegante-main\node_modules\next\dist\ser
ver\lib\trace\tracer.js:140:36
    at NoopContextManager.with (C:\Users\zachn\OneDrive\Desktop\elegante-main\n
ode_modules\next\dist\compiled\@opentelemetry\api\index.js:1:7062)
    at ContextAPI.with (C:\Users\zachn\OneDrive\Desktop\elegante-main\node_modu
les\next\dist\compiled\@opentelemetry\api\index.js:1:518)
    at NoopTracer.startActiveSpan (C:\Users\zachn\OneDrive\Desktop\elegante-mai
n\node_modules\next\dist\compiled\@opentelemetry\api\index.js:1:18093)
    at ProxyTracer.startActiveSpan (C:\Users\zachn\OneDrive\Desktop\elegante-ma
in\node_modules\next\dist\compiled\@opentelemetry\api\index.js:1:18854) {
  description: "Route /api/analytics/dashboard couldn't be rendered statically 
because it used `request.headers`. See more info here: 
https://nextjs.org/docs/messages/dynamic-server-error",
  digest: 'DYNAMIC_SERVER_USAGE'
}
Error generating cash flow forecast: B [Error]: Dynamic server usage: Route 
/api/analytics/cash-flow couldn't be rendered statically because it used 
`request.headers`. See more info here: 
https://nextjs.org/docs/messages/dynamic-server-error
    at V (C:\Users\zachn\OneDrive\Desktop\elegante-main\node_modules\next\dist\
compiled\next-server\app-route.runtime.prod.js:6:21778)
    at Object.get (C:\Users\zachn\OneDrive\Desktop\elegante-main\node_modules\n
ext\dist\compiled\next-server\app-route.runtime.prod.js:6:29465)
    at h (C:\Users\zachn\OneDrive\Desktop\elegante-main\.next\server\chunks\834
3.js:1:548)
    at l (C:\Users\zachn\OneDrive\Desktop\elegante-main\.next\server\app\api\an
alytics\cash-flow\route.js:1:759)
    at C:\Users\zachn\OneDrive\Desktop\elegante-main\node_modules\next\dist\com
piled\next-server\app-route.runtime.prod.js:6:38417
    at C:\Users\zachn\OneDrive\Desktop\elegante-main\node_modules\next\dist\ser
ver\lib\trace\tracer.js:140:36
    at NoopContextManager.with (C:\Users\zachn\OneDrive\Desktop\elegante-main\n
ode_modules\next\dist\compiled\@opentelemetry\api\index.js:1:7062)
    at ContextAPI.with (C:\Users\zachn\OneDrive\Desktop\elegante-main\node_modu
les\next\dist\compiled\@opentelemetry\api\index.js:1:518)
    at NoopTracer.startActiveSpan (C:\Users\zachn\OneDrive\Desktop\elegante-mai
n\node_modules\next\dist\compiled\@opentelemetry\api\index.js:1:18093)
    at ProxyTracer.startActiveSpan (C:\Users\zachn\OneDrive\Desktop\elegante-ma
in\node_modules\next\dist\compiled\@opentelemetry\api\index.js:1:18854) {
  description: "Route /api/analytics/cash-flow couldn't be rendered statically 
because it used `request.headers`. See more info here: 
https://nextjs.org/docs/messages/dynamic-server-error",
  digest: 'DYNAMIC_SERVER_USAGE'
}
Error fetching preferences: B [Error]: Dynamic server usage: Route 
/api/notifications/preferences couldn't be rendered statically because it used 
`request.headers`. See more info here: 
https://nextjs.org/docs/messages/dynamic-server-error
    at V (C:\Users\zachn\OneDrive\Desktop\elegante-main\node_modules\next\dist\
compiled\next-server\app-route.runtime.prod.js:6:21778)
    at Object.get (C:\Users\zachn\OneDrive\Desktop\elegante-main\node_modules\n
ext\dist\compiled\next-server\app-route.runtime.prod.js:6:29465)
    at h (C:\Users\zachn\OneDrive\Desktop\elegante-main\.next\server\chunks\834
3.js:1:548)
    at c (C:\Users\zachn\OneDrive\Desktop\elegante-main\.next\server\app\api\no
tifications\preferences\route.js:1:1217)
    at C:\Users\zachn\OneDrive\Desktop\elegante-main\node_modules\next\dist\com
piled\next-server\app-route.runtime.prod.js:6:38417
    at C:\Users\zachn\OneDrive\Desktop\elegante-main\node_modules\next\dist\ser
ver\lib\trace\tracer.js:140:36
    at NoopContextManager.with (C:\Users\zachn\OneDrive\Desktop\elegante-main\n
ode_modules\next\dist\compiled\@opentelemetry\api\index.js:1:7062)
    at ContextAPI.with (C:\Users\zachn\OneDrive\Desktop\elegante-main\node_modu
les\next\dist\compiled\@opentelemetry\api\index.js:1:518)
    at NoopTracer.startActiveSpan (C:\Users\zachn\OneDrive\Desktop\elegante-mai
n\node_modules\next\dist\compiled\@opentelemetry\api\index.js:1:18093)
    at ProxyTracer.startActiveSpan (C:\Users\zachn\OneDrive\Desktop\elegante-ma
in\node_modules\next\dist\compiled\@opentelemetry\api\index.js:1:18854) {
  description: "Route /api/notifications/preferences couldn't be rendered 
statically because it used `request.headers`. See more info here: 
https://nextjs.org/docs/messages/dynamic-server-error",
  digest: 'DYNAMIC_SERVER_USAGE'
}
Error fetching unread count: B [Error]: Dynamic server usage: Route 
/api/notifications/unread couldn't be rendered statically because it used 
`request.headers`. See more info here: 
https://nextjs.org/docs/messages/dynamic-server-error
    at V (C:\Users\zachn\OneDrive\Desktop\elegante-main\node_modules\next\dist\
compiled\next-server\app-route.runtime.prod.js:6:21778)
    at Object.get (C:\Users\zachn\OneDrive\Desktop\elegante-main\node_modules\n
ext\dist\compiled\next-server\app-route.runtime.prod.js:6:29465)
    at h (C:\Users\zachn\OneDrive\Desktop\elegante-main\.next\server\chunks\834
3.js:1:548)
    at d (C:\Users\zachn\OneDrive\Desktop\elegante-main\.next\server\app\api\no
tifications\unread\route.js:1:1207)
    at C:\Users\zachn\OneDrive\Desktop\elegante-main\node_modules\next\dist\com
piled\next-server\app-route.runtime.prod.js:6:38417
    at C:\Users\zachn\OneDrive\Desktop\elegante-main\node_modules\next\dist\ser
ver\lib\trace\tracer.js:140:36
    at NoopContextManager.with (C:\Users\zachn\OneDrive\Desktop\elegante-main\n
ode_modules\next\dist\compiled\@opentelemetry\api\index.js:1:7062)
    at ContextAPI.with (C:\Users\zachn\OneDrive\Desktop\elegante-main\node_modu
les\next\dist\compiled\@opentelemetry\api\index.js:1:518)
    at NoopTracer.startActiveSpan (C:\Users\zachn\OneDrive\Desktop\elegante-mai
n\node_modules\next\dist\compiled\@opentelemetry\api\index.js:1:18093)
    at ProxyTracer.startActiveSpan (C:\Users\zachn\OneDrive\Desktop\elegante-ma
in\node_modules\next\dist\compiled\@opentelemetry\api\index.js:1:18854) {
  description: "Route /api/notifications/unread couldn't be rendered 
statically because it used `request.headers`. See more info here: 
https://nextjs.org/docs/messages/dynamic-server-error",
  digest: 'DYNAMIC_SERVER_USAGE'
}
   Generating static pages (18/73) 
Error getting socket info: B [Error]: Dynamic server usage: Route /api/socket 
couldn't be rendered statically because it used `request.headers`. See more 
info here: https://nextjs.org/docs/messages/dynamic-server-error
    at V (C:\Users\zachn\OneDrive\Desktop\elegante-main\node_modules\next\dist\
compiled\next-server\app-route.runtime.prod.js:6:21778)
    at Object.get (C:\Users\zachn\OneDrive\Desktop\elegante-main\node_modules\n
ext\dist\compiled\next-server\app-route.runtime.prod.js:6:29465)
    at h (C:\Users\zachn\OneDrive\Desktop\elegante-main\.next\server\chunks\834
3.js:1:548)
    at p (C:\Users\zachn\OneDrive\Desktop\elegante-main\.next\server\app\api\so
cket\route.js:1:701)
    at C:\Users\zachn\OneDrive\Desktop\elegante-main\node_modules\next\dist\com
piled\next-server\app-route.runtime.prod.js:6:38417
    at C:\Users\zachn\OneDrive\Desktop\elegante-main\node_modules\next\dist\ser
ver\lib\trace\tracer.js:140:36
    at NoopContextManager.with (C:\Users\zachn\OneDrive\Desktop\elegante-main\n
ode_modules\next\dist\compiled\@opentelemetry\api\index.js:1:7062)
    at ContextAPI.with (C:\Users\zachn\OneDrive\Desktop\elegante-main\node_modu
les\next\dist\compiled\@opentelemetry\api\index.js:1:518)
    at NoopTracer.startActiveSpan (C:\Users\zachn\OneDrive\Desktop\elegante-mai
n\node_modules\next\dist\compiled\@opentelemetry\api\index.js:1:18093)
    at ProxyTracer.startActiveSpan (C:\Users\zachn\OneDrive\Desktop\elegante-ma
in\node_modules\next\dist\compiled\@opentelemetry\api\index.js:1:18854) {
  description: "Route /api/socket couldn't be rendered statically because it 
used `request.headers`. See more info here: 
https://nextjs.org/docs/messages/dynamic-server-error",
  digest: 'DYNAMIC_SERVER_USAGE'
}
Get movements error: B [Error]: Dynamic server usage: Route 
/api/stock/movements couldn't be rendered statically because it used 
`request.headers`. See more info here: 
https://nextjs.org/docs/messages/dynamic-server-error
    at V (C:\Users\zachn\OneDrive\Desktop\elegante-main\node_modules\next\dist\
compiled\next-server\app-route.runtime.prod.js:6:21778)
    at Object.get (C:\Users\zachn\OneDrive\Desktop\elegante-main\node_modules\n
ext\dist\compiled\next-server\app-route.runtime.prod.js:6:29465)
    at r (C:\Users\zachn\OneDrive\Desktop\elegante-main\.next\server\app\api\ex
penses\route.js:1:6974)
    at s (C:\Users\zachn\OneDrive\Desktop\elegante-main\.next\server\app\api\ex
penses\route.js:1:7213)
    at l (C:\Users\zachn\OneDrive\Desktop\elegante-main\.next\server\app\api\ex
penses\route.js:1:7427)
    at p (C:\Users\zachn\OneDrive\Desktop\elegante-main\.next\server\app\api\st
ock\movements\route.js:1:764)
    at C:\Users\zachn\OneDrive\Desktop\elegante-main\node_modules\next\dist\com
piled\next-server\app-route.runtime.prod.js:6:38417
    at C:\Users\zachn\OneDrive\Desktop\elegante-main\node_modules\next\dist\ser
ver\lib\trace\tracer.js:140:36
    at NoopContextManager.with (C:\Users\zachn\OneDrive\Desktop\elegante-main\n
ode_modules\next\dist\compiled\@opentelemetry\api\index.js:1:7062)
    at ContextAPI.with (C:\Users\zachn\OneDrive\Desktop\elegante-main\node_modu
les\next\dist\compiled\@opentelemetry\api\index.js:1:518) {
  description: "Route /api/stock/movements couldn't be rendered statically 
because it used `request.headers`. See more info here: 
https://nextjs.org/docs/messages/dynamic-server-error",
  digest: 'DYNAMIC_SERVER_USAGE'
}
   Generating static pages (36/73) 
 ΓÜá Unsupported metadata themeColor is configured in metadata export in 
/_not-found. Please move it to viewport export instead.
Read more: 
https://nextjs.org/docs/app/api-reference/functions/generate-viewport
 ΓÜá Unsupported metadata themeColor is configured in metadata export in 
/_not-found. Please move it to viewport export instead.
Read more: 
https://nextjs.org/docs/app/api-reference/functions/generate-viewport
 ΓÜá Unsupported metadata themeColor is configured in metadata export in 
/dashboard/audit-compliance. Please move it to viewport export instead.
Read more: 
https://nextjs.org/docs/app/api-reference/functions/generate-viewport
 ΓÜá Unsupported metadata themeColor is configured in metadata export in 
/dashboard/audit-compliance. Please move it to viewport export instead.
Read more: 
https://nextjs.org/docs/app/api-reference/functions/generate-viewport
 ΓÜá Unsupported metadata themeColor is configured in metadata export in 
/dashboard/credit-notes. Please move it to viewport export instead.
Read more: 
https://nextjs.org/docs/app/api-reference/functions/generate-viewport
 ΓÜá Unsupported metadata themeColor is configured in metadata export in 
/dashboard/credit-notes. Please move it to viewport export instead.
Read more: 
https://nextjs.org/docs/app/api-reference/functions/generate-viewport
 ΓÜá Unsupported metadata themeColor is configured in metadata export in 
/dashboard/fixed-assets. Please move it to viewport export instead.
Read more: 
https://nextjs.org/docs/app/api-reference/functions/generate-viewport
 ΓÜá Unsupported metadata themeColor is configured in metadata export in 
/dashboard/fixed-assets. Please move it to viewport export instead.
Read more: 
https://nextjs.org/docs/app/api-reference/functions/generate-viewport
 ΓÜá Unsupported metadata themeColor is configured in metadata export in 
/dashboard/customers. Please move it to viewport export instead.
Read more: 
https://nextjs.org/docs/app/api-reference/functions/generate-viewport
 ΓÜá Unsupported metadata themeColor is configured in metadata export in 
/dashboard/customers. Please move it to viewport export instead.
Read more: 
https://nextjs.org/docs/app/api-reference/functions/generate-viewport
 ΓÜá Unsupported metadata themeColor is configured in metadata export in 
/dashboard/expenses. Please move it to viewport export instead.
Read more: 
https://nextjs.org/docs/app/api-reference/functions/generate-viewport
 ΓÜá Unsupported metadata themeColor is configured in metadata export in 
/dashboard/expenses. Please move it to viewport export instead.
Read more: 
https://nextjs.org/docs/app/api-reference/functions/generate-viewport
 ΓÜá Unsupported metadata themeColor is configured in metadata export in 
/dashboard/hr. Please move it to viewport export instead.
Read more: 
https://nextjs.org/docs/app/api-reference/functions/generate-viewport
 ΓÜá Unsupported metadata themeColor is configured in metadata export in 
/dashboard/hr. Please move it to viewport export instead.
Read more: 
https://nextjs.org/docs/app/api-reference/functions/generate-viewport
 ΓÜá Unsupported metadata themeColor is configured in metadata export in 
/dashboard/inventory. Please move it to viewport export instead.
Read more: 
https://nextjs.org/docs/app/api-reference/functions/generate-viewport
 ΓÜá Unsupported metadata themeColor is configured in metadata export in 
/dashboard/inventory. Please move it to viewport export instead.
Read more: 
https://nextjs.org/docs/app/api-reference/functions/generate-viewport
 ΓÜá Unsupported metadata themeColor is configured in metadata export in 
/dashboard/invoices. Please move it to viewport export instead.
Read more: 
https://nextjs.org/docs/app/api-reference/functions/generate-viewport
 ΓÜá Unsupported metadata themeColor is configured in metadata export in 
/dashboard/invoices. Please move it to viewport export instead.
Read more: 
https://nextjs.org/docs/app/api-reference/functions/generate-viewport
 ΓÜá Unsupported metadata themeColor is configured in metadata export in 
/dashboard. Please move it to viewport export instead.
Read more: 
https://nextjs.org/docs/app/api-reference/functions/generate-viewport
 ΓÜá Unsupported metadata themeColor is configured in metadata export in 
/dashboard. Please move it to viewport export instead.
Read more: 
https://nextjs.org/docs/app/api-reference/functions/generate-viewport
 ΓÜá Unsupported metadata themeColor is configured in metadata export in 
/dashboard/product-returns. Please move it to viewport export instead.
Read more: 
https://nextjs.org/docs/app/api-reference/functions/generate-viewport
 ΓÜá Unsupported metadata themeColor is configured in metadata export in 
/dashboard/product-returns. Please move it to viewport export instead.
Read more: 
https://nextjs.org/docs/app/api-reference/functions/generate-viewport
 ΓÜá Unsupported metadata themeColor is configured in metadata export in 
/dashboard/invoices/unpaid. Please move it to viewport export instead.
Read more: 
https://nextjs.org/docs/app/api-reference/functions/generate-viewport
 ΓÜá Unsupported metadata themeColor is configured in metadata export in 
/dashboard/invoices/unpaid. Please move it to viewport export instead.
Read more: 
https://nextjs.org/docs/app/api-reference/functions/generate-viewport
 ΓÜá Unsupported metadata themeColor is configured in metadata export in 
/dashboard/pos. Please move it to viewport export instead.
Read more: 
https://nextjs.org/docs/app/api-reference/functions/generate-viewport
 ΓÜá Unsupported metadata themeColor is configured in metadata export in 
/dashboard/pos. Please move it to viewport export instead.
Read more: 
https://nextjs.org/docs/app/api-reference/functions/generate-viewport
 ΓÜá Unsupported metadata themeColor is configured in metadata export in 
/dashboard/reconcile. Please move it to viewport export instead.
Read more: 
https://nextjs.org/docs/app/api-reference/functions/generate-viewport
 ΓÜá Unsupported metadata themeColor is configured in metadata export in 
/dashboard/reconcile. Please move it to viewport export instead.
Read more: 
https://nextjs.org/docs/app/api-reference/functions/generate-viewport
 ΓÜá Unsupported metadata themeColor is configured in metadata export in 
/dashboard/products. Please move it to viewport export instead.
Read more: 
https://nextjs.org/docs/app/api-reference/functions/generate-viewport
 ΓÜá Unsupported metadata themeColor is configured in metadata export in 
/dashboard/products. Please move it to viewport export instead.
Read more: 
https://nextjs.org/docs/app/api-reference/functions/generate-viewport
 ΓÜá Unsupported metadata themeColor is configured in metadata export in 
/dashboard/reports/customer-balances. Please move it to viewport export 
instead.
Read more: 
https://nextjs.org/docs/app/api-reference/functions/generate-viewport
 ΓÜá Unsupported metadata themeColor is configured in metadata export in 
/dashboard/reports/customer-balances. Please move it to viewport export 
instead.
Read more: 
https://nextjs.org/docs/app/api-reference/functions/generate-viewport
 ΓÜá Unsupported metadata themeColor is configured in metadata export in 
/dashboard/purchase-orders. Please move it to viewport export instead.
Read more: 
https://nextjs.org/docs/app/api-reference/functions/generate-viewport
 ΓÜá Unsupported metadata themeColor is configured in metadata export in 
/dashboard/purchase-orders. Please move it to viewport export instead.
Read more: 
https://nextjs.org/docs/app/api-reference/functions/generate-viewport
 ΓÜá Unsupported metadata themeColor is configured in metadata export in 
/dashboard/projects. Please move it to viewport export instead.
Read more: 
https://nextjs.org/docs/app/api-reference/functions/generate-viewport
 ΓÜá Unsupported metadata themeColor is configured in metadata export in 
/dashboard/projects. Please move it to viewport export instead.
Read more: 
https://nextjs.org/docs/app/api-reference/functions/generate-viewport
   Generating static pages (54/73) 
 ΓÜá Unsupported metadata themeColor is configured in metadata export in 
/dashboard/reports/financial-analysis. Please move it to viewport export 
instead.
Read more: 
https://nextjs.org/docs/app/api-reference/functions/generate-viewport
 ΓÜá Unsupported metadata themeColor is configured in metadata export in 
/dashboard/reports/financial-analysis. Please move it to viewport export 
instead.
Read more: 
https://nextjs.org/docs/app/api-reference/functions/generate-viewport
 ΓÜá Unsupported metadata themeColor is configured in metadata export in 
/dashboard/reports/invoices. Please move it to viewport export instead.
Read more: 
https://nextjs.org/docs/app/api-reference/functions/generate-viewport
 ΓÜá Unsupported metadata themeColor is configured in metadata export in 
/dashboard/reports/invoices. Please move it to viewport export instead.
Read more: 
https://nextjs.org/docs/app/api-reference/functions/generate-viewport
 ΓÜá Unsupported metadata themeColor is configured in metadata export in 
/dashboard/reports. Please move it to viewport export instead.
Read more: 
https://nextjs.org/docs/app/api-reference/functions/generate-viewport
 ΓÜá Unsupported metadata themeColor is configured in metadata export in 
/dashboard/reports. Please move it to viewport export instead.
Read more: 
https://nextjs.org/docs/app/api-reference/functions/generate-viewport
 ΓÜá Unsupported metadata themeColor is configured in metadata export in 
/dashboard/sales-orders. Please move it to viewport export instead.
Read more: 
https://nextjs.org/docs/app/api-reference/functions/generate-viewport
 ΓÜá Unsupported metadata themeColor is configured in metadata export in 
/dashboard/sales-orders. Please move it to viewport export instead.
Read more: 
https://nextjs.org/docs/app/api-reference/functions/generate-viewport
 ΓÜá Unsupported metadata themeColor is configured in metadata export in 
/dashboard/stock-levels. Please move it to viewport export instead.
Read more: 
https://nextjs.org/docs/app/api-reference/functions/generate-viewport
 ΓÜá Unsupported metadata themeColor is configured in metadata export in 
/dashboard/stock-levels. Please move it to viewport export instead.
Read more: 
https://nextjs.org/docs/app/api-reference/functions/generate-viewport
 ΓÜá Unsupported metadata themeColor is configured in metadata export in 
/dashboard/reports/profit-loss. Please move it to viewport export instead.
Read more: 
https://nextjs.org/docs/app/api-reference/functions/generate-viewport
 ΓÜá Unsupported metadata themeColor is configured in metadata export in 
/dashboard/reports/profit-loss. Please move it to viewport export instead.
Read more: 
https://nextjs.org/docs/app/api-reference/functions/generate-viewport
 ΓÜá Unsupported metadata themeColor is configured in metadata export in 
/dashboard/sales-quotes. Please move it to viewport export instead.
Read more: 
https://nextjs.org/docs/app/api-reference/functions/generate-viewport
 ΓÜá Unsupported metadata themeColor is configured in metadata export in 
/dashboard/sales-quotes. Please move it to viewport export instead.
Read more: 
https://nextjs.org/docs/app/api-reference/functions/generate-viewport
 ΓÜá Unsupported metadata themeColor is configured in metadata export in 
/dashboard/stock-adjustments. Please move it to viewport export instead.
Read more: 
https://nextjs.org/docs/app/api-reference/functions/generate-viewport
 ΓÜá Unsupported metadata themeColor is configured in metadata export in 
/dashboard/stock-adjustments. Please move it to viewport export instead.
Read more: 
https://nextjs.org/docs/app/api-reference/functions/generate-viewport
 ΓÜá Unsupported metadata themeColor is configured in metadata export in 
/dashboard/stock-movements. Please move it to viewport export instead.
Read more: 
https://nextjs.org/docs/app/api-reference/functions/generate-viewport
 ΓÜá Unsupported metadata themeColor is configured in metadata export in 
/dashboard/stock-movements. Please move it to viewport export instead.
Read more: 
https://nextjs.org/docs/app/api-reference/functions/generate-viewport
 ΓÜá Unsupported metadata themeColor is configured in metadata export in 
/dashboard/stock-transfers. Please move it to viewport export instead.
Read more: 
https://nextjs.org/docs/app/api-reference/functions/generate-viewport
 ΓÜá Unsupported metadata themeColor is configured in metadata export in 
/dashboard/stock-transfers. Please move it to viewport export instead.
Read more: 
https://nextjs.org/docs/app/api-reference/functions/generate-viewport
 ΓÜá Unsupported metadata themeColor is configured in metadata export in 
/dashboard/supplier-aging. Please move it to viewport export instead.
Read more: 
https://nextjs.org/docs/app/api-reference/functions/generate-viewport
 ΓÜá Unsupported metadata themeColor is configured in metadata export in 
/dashboard/supplier-aging. Please move it to viewport export instead.
Read more: 
https://nextjs.org/docs/app/api-reference/functions/generate-viewport
 ΓÜá Unsupported metadata themeColor is configured in metadata export in 
/dashboard/stock-variations. Please move it to viewport export instead.
Read more: 
https://nextjs.org/docs/app/api-reference/functions/generate-viewport
 ΓÜá Unsupported metadata themeColor is configured in metadata export in 
/dashboard/stock-variations. Please move it to viewport export instead.
Read more: 
https://nextjs.org/docs/app/api-reference/functions/generate-viewport
 ΓÜá Unsupported metadata themeColor is configured in metadata export in 
/dashboard/supplier-bills. Please move it to viewport export instead.
Read more: 
https://nextjs.org/docs/app/api-reference/functions/generate-viewport
 ΓÜá Unsupported metadata themeColor is configured in metadata export in 
/dashboard/supplier-bills. Please move it to viewport export instead.
Read more: 
https://nextjs.org/docs/app/api-reference/functions/generate-viewport
 ΓÜá Unsupported metadata themeColor is configured in metadata export in 
/dashboard/suppliers. Please move it to viewport export instead.
Read more: 
https://nextjs.org/docs/app/api-reference/functions/generate-viewport
 ΓÜá Unsupported metadata themeColor is configured in metadata export in 
/dashboard/suppliers. Please move it to viewport export instead.
Read more: 
https://nextjs.org/docs/app/api-reference/functions/generate-viewport
 ΓÜá Unsupported metadata themeColor is configured in metadata export in 
/dashboard/warehouses. Please move it to viewport export instead.
Read more: 
https://nextjs.org/docs/app/api-reference/functions/generate-viewport
 ΓÜá Unsupported metadata themeColor is configured in metadata export in 
/dashboard/warehouses. Please move it to viewport export instead.
Read more: 
https://nextjs.org/docs/app/api-reference/functions/generate-viewport
 ΓÜá Unsupported metadata themeColor is configured in metadata export in 
/login. Please move it to viewport export instead.
Read more: 
https://nextjs.org/docs/app/api-reference/functions/generate-viewport
 ΓÜá Unsupported metadata themeColor is configured in metadata export in 
/login. Please move it to viewport export instead.
Read more: 
https://nextjs.org/docs/app/api-reference/functions/generate-viewport
 ΓÜá Unsupported metadata themeColor is configured in metadata export in 
/dashboard/upload. Please move it to viewport export instead.
Read more: 
https://nextjs.org/docs/app/api-reference/functions/generate-viewport
 ΓÜá Unsupported metadata themeColor is configured in metadata export in 
/dashboard/upload. Please move it to viewport export instead.
Read more: 
https://nextjs.org/docs/app/api-reference/functions/generate-viewport
 ΓÜá Unsupported metadata themeColor is configured in metadata export in /. 
Please move it to viewport export instead.
Read more: 
https://nextjs.org/docs/app/api-reference/functions/generate-viewport
 ΓÜá Unsupported metadata themeColor is configured in metadata export in /. 
Please move it to viewport export instead.
Read more: 
https://nextjs.org/docs/app/api-reference/functions/generate-viewport
Error processing export request: B [Error]: Dynamic server usage: Route 
/api/exports couldn't be rendered statically because it used 
`request.headers`. See more info here: 
https://nextjs.org/docs/messages/dynamic-server-error
    at V (C:\Users\zachn\OneDrive\Desktop\elegante-main\node_modules\next\dist\
compiled\next-server\app-route.runtime.prod.js:6:21778)
    at Object.get (C:\Users\zachn\OneDrive\Desktop\elegante-main\node_modules\n
ext\dist\compiled\next-server\app-route.runtime.prod.js:6:29465)
    at h (C:\Users\zachn\OneDrive\Desktop\elegante-main\.next\server\chunks\834
3.js:1:548)
    at r2 (C:\Users\zachn\OneDrive\Desktop\elegante-main\.next\server\app\api\e
xports\route.js:1:385347)
    at C:\Users\zachn\OneDrive\Desktop\elegante-main\node_modules\next\dist\com
piled\next-server\app-route.runtime.prod.js:6:38417
    at C:\Users\zachn\OneDrive\Desktop\elegante-main\node_modules\next\dist\ser
ver\lib\trace\tracer.js:140:36
    at NoopContextManager.with (C:\Users\zachn\OneDrive\Desktop\elegante-main\n
ode_modules\next\dist\compiled\@opentelemetry\api\index.js:1:7062)
    at ContextAPI.with (C:\Users\zachn\OneDrive\Desktop\elegante-main\node_modu
les\next\dist\compiled\@opentelemetry\api\index.js:1:518)
    at NoopTracer.startActiveSpan (C:\Users\zachn\OneDrive\Desktop\elegante-mai
n\node_modules\next\dist\compiled\@opentelemetry\api\index.js:1:18093)
    at ProxyTracer.startActiveSpan (C:\Users\zachn\OneDrive\Desktop\elegante-ma
in\node_modules\next\dist\compiled\@opentelemetry\api\index.js:1:18854)
    at C:\Users\zachn\OneDrive\Desktop\elegante-main\node_modules\next\dist\ser
ver\lib\trace\tracer.js:122:103
    at NoopContextManager.with (C:\Users\zachn\OneDrive\Desktop\elegante-main\n
ode_modules\next\dist\compiled\@opentelemetry\api\index.js:1:7062)
    at ContextAPI.with (C:\Users\zachn\OneDrive\Desktop\elegante-main\node_modu
les\next\dist\compiled\@opentelemetry\api\index.js:1:518)
    at NextTracerImpl.trace (C:\Users\zachn\OneDrive\Desktop\elegante-main\node
_modules\next\dist\server\lib\trace\tracer.js:122:28)
    at C:\Users\zachn\OneDrive\Desktop\elegante-main\node_modules\next\dist\com
piled\next-server\app-route.runtime.prod.js:6:29925
    at AsyncLocalStorage.run 
(node:internal/async_local_storage/async_context_frame:63:14) {
  description: "Route /api/exports couldn't be rendered statically because it 
used `request.headers`. See more info here: 
https://nextjs.org/docs/messages/dynamic-server-error",
  digest: 'DYNAMIC_SERVER_USAGE'
}
 Γ£ô Generating static pages (73/73)
   Finalizing page optimization ...
   Collecting build traces ...

Route (app)                                  Size     First Load JS
Γöî Γùï /                                        497 B          87.8 kB
Γö£ Γùï /_not-found                              142 B          87.5 kB
Γö£ ╞Æ /api/alerts                              0 B                0 B
Γö£ ╞Æ /api/analytics/aging-report              0 B                0 B
Γö£ ╞Æ /api/analytics/cash-flow                 0 B                0 B
Γö£ ╞Æ /api/analytics/dashboard                 0 B                0 B
Γö£ ╞Æ /api/assets/summary                      0 B                0 B
Γö£ ╞Æ /api/auth/login                          0 B                0 B
Γö£ ╞Æ /api/auth/me                             0 B                0 B
Γö£ ╞Æ /api/compliance/audit-logs               0 B                0 B
Γö£ ╞Æ /api/compliance/status                   0 B                0 B
Γö£ ╞Æ /api/credit-notes                        0 B                0 B
Γö£ ╞Æ /api/credit-notes/[id]                   0 B                0 B
Γö£ ╞Æ /api/customer-payments                   0 B                0 B
Γö£ ╞Æ /api/customers                           0 B                0 B
Γö£ ╞Æ /api/customers/[id]                      0 B                0 B
Γö£ ╞Æ /api/expense-categories                  0 B                0 B
Γö£ ╞Æ /api/expenses                            0 B                0 B
Γö£ ╞Æ /api/exports                             0 B                0 B
Γö£ ╞Æ /api/hr/departments                      0 B                0 B
Γö£ ╞Æ /api/hr/employees                        0 B                0 B
Γö£ ╞Æ /api/hr/employees/[id]                   0 B                0 B
Γö£ ╞Æ /api/hr/leaves                           0 B                0 B
Γö£ ╞Æ /api/hr/payroll                          0 B                0 B
Γö£ ╞Æ /api/integration/summary                 0 B                0 B
Γö£ ╞Æ /api/inventory/summary                   0 B                0 B
Γö£ ╞Æ /api/invoices                            0 B                0 B
Γö£ ╞Æ /api/invoices/[id]                       0 B                0 B
Γö£ ╞Æ /api/invoices/[id]/download              0 B                0 B
Γö£ ╞Æ /api/invoices/due-soon                   0 B                0 B
Γö£ ╞Æ /api/invoices/unpaid                     0 B                0 B
Γö£ ╞Æ /api/monitoring                          0 B                0 B
Γö£ ╞Æ /api/notifications                       0 B                0 B
Γö£ ╞Æ /api/notifications/preferences           0 B                0 B
Γö£ ╞Æ /api/notifications/unread                0 B                0 B
Γö£ ╞Æ /api/payments                            0 B                0 B
Γö£ ╞Æ /api/payroll/employees                   0 B                0 B
Γö£ ╞Æ /api/payroll/summary                     0 B                0 B
Γö£ ╞Æ /api/pos/checkout                        0 B                0 B
Γö£ ╞Æ /api/pos/orders                          0 B                0 B
Γö£ ╞Æ /api/pos/orders/[id]                     0 B                0 B
Γö£ ╞Æ /api/pos/orders/[id]/status              0 B                0 B
Γö£ ╞Æ /api/products                            0 B                0 B
Γö£ ╞Æ /api/products/[id]                       0 B                0 B
Γö£ ╞Æ /api/products/import                     0 B                0 B
Γö£ ╞Æ /api/products/upload                     0 B                0 B
Γö£ ╞Æ /api/projects                            0 B                0 B
Γö£ ╞Æ /api/projects/[id]                       0 B                0 B
Γö£ ╞Æ /api/projects/[id]/expenses              0 B                0 B
Γö£ ╞Æ /api/projects/[id]/expenses/[expenseId]  0 B                0 B
Γö£ ╞Æ /api/projects/[id]/milestones            0 B                0 B
Γö£ ╞Æ /api/projects/summary                    0 B                0 B
Γö£ ╞Æ /api/purchase-orders                     0 B                0 B
Γö£ ╞Æ /api/purchase-orders/[id]                0 B                0 B
Γö£ ╞Æ /api/reconciliation/auto-match           0 B                0 B
Γö£ ╞Æ /api/reconciliation/dashboard            0 B                0 B
Γö£ ╞Æ /api/reconciliation/manual-match         0 B                0 B
Γö£ ╞Æ /api/reconciliation/transactions         0 B                0 B
Γö£ ╞Æ /api/reconciliation/upload               0 B                0 B
Γö£ ╞Æ /api/reports                             0 B                0 B
Γö£ ╞Æ /api/reports/[id]                        0 B                0 B
Γö£ ╞Æ /api/reports/aging                       0 B                0 B
Γö£ ╞Æ /api/reports/customer-balances           0 B                0 B
Γö£ ╞Æ /api/reports/financial-metrics           0 B                0 B
Γö£ ╞Æ /api/reports/overview                    0 B                0 B
Γö£ ╞Æ /api/reports/profit-loss                 0 B                0 B
Γö£ ╞Æ /api/reports/stock-variations            0 B                0 B
Γö£ ╞Æ /api/sales-orders                        0 B                0 B
Γö£ ╞Æ /api/sales-orders/[id]                   0 B                0 B
Γö£ ╞Æ /api/sales-quotes                        0 B                0 B
Γö£ ╞Æ /api/sales-quotes/[id]                   0 B                0 B
Γö£ ╞Æ /api/socket                              0 B                0 B
Γö£ ╞Æ /api/stock/adjustments                   0 B                0 B
Γö£ ╞Æ /api/stock/levels                        0 B                0 B
Γö£ ╞Æ /api/stock/movements                     0 B                0 B
Γö£ ╞Æ /api/stock/returns                       0 B                0 B
Γö£ ╞Æ /api/stock/returns/[id]                  0 B                0 B
Γö£ ╞Æ /api/stock/transfers                     0 B                0 B
Γö£ ╞Æ /api/stock/transfers/[id]                0 B                0 B
Γö£ ╞Æ /api/supplier-bills                      0 B                0 B
Γö£ ╞Æ /api/supplier-bills/[id]                 0 B                0 B
Γö£ ╞Æ /api/supplier-payments                   0 B                0 B
Γö£ ╞Æ /api/suppliers                           0 B                0 B
Γö£ ╞Æ /api/suppliers/[id]                      0 B                0 B
Γö£ ╞Æ /api/suppliers/[id]/aging                0 B                0 B
Γö£ ╞Æ /api/suppliers/aging                     0 B                0 B
Γö£ ╞Æ /api/transactions/recent                 0 B                0 B
Γö£ ╞Æ /api/warehouse-locations                 0 B                0 B
Γö£ ╞Æ /api/warehouses                          0 B                0 B
Γö£ ╞Æ /api/warehouses/[id]                     0 B                0 B
Γö£ Γùï /dashboard                               6.93 kB         103 kB
Γö£ Γùï /dashboard/audit-compliance              2.71 kB          90 kB
Γö£ Γùï /dashboard/credit-notes                  4.65 kB          97 kB
Γö£ Γùï /dashboard/customers                     5.92 kB         107 kB
Γö£ ╞Æ /dashboard/customers/[id]                4.34 kB         106 kB
Γö£ Γùï /dashboard/expenses                      3.94 kB        96.3 kB
Γö£ Γùï /dashboard/fixed-assets                  2.34 kB        89.7 kB
Γö£ Γùï /dashboard/hr                            4.37 kB        91.7 kB
Γö£ Γùï /dashboard/inventory                     2.1 kB         89.4 kB
Γö£ Γùï /dashboard/invoices                      5.17 kB        92.5 kB
Γö£ ╞Æ /dashboard/invoices/print/[id]           3.62 kB        96.2 kB
Γö£ Γùï /dashboard/invoices/unpaid               2.8 kB         90.1 kB
Γö£ Γùï /dashboard/pos                           22.7 kB         120 kB
Γö£ Γùï /dashboard/product-returns               4.44 kB        96.8 kB
Γö£ Γùï /dashboard/products                      6.16 kB         113 kB
Γö£ Γùï /dashboard/projects                      5.88 kB        93.2 kB
Γö£ Γùï /dashboard/purchase-orders               3.7 kB         96.1 kB
Γö£ Γùï /dashboard/reconcile                     5.13 kB         102 kB
Γö£ Γùï /dashboard/reports                       4.14 kB        96.5 kB
Γö£ Γùï /dashboard/reports/customer-balances     3.52 kB        95.9 kB
Γö£ Γùï /dashboard/reports/financial-analysis    2.84 kB        95.2 kB
Γö£ Γùï /dashboard/reports/invoices              3.29 kB        95.7 kB
Γö£ Γùï /dashboard/reports/profit-loss           2.96 kB        95.3 kB
Γö£ Γùï /dashboard/sales-orders                  3.09 kB        95.5 kB
Γö£ Γùï /dashboard/sales-quotes                  4.8 kB         97.2 kB
Γö£ Γùï /dashboard/stock-adjustments             2.59 kB         104 kB
Γö£ Γùï /dashboard/stock-levels                  1.58 kB          94 kB
Γö£ Γùï /dashboard/stock-movements               3.25 kB        90.6 kB
Γö£ Γùï /dashboard/stock-transfers               3.16 kB        95.5 kB
Γö£ Γùï /dashboard/stock-variations              2.49 kB        89.8 kB
Γö£ Γùï /dashboard/supplier-aging                1.35 kB        93.7 kB
Γö£ Γùï /dashboard/supplier-bills                4.07 kB        96.4 kB
Γö£ Γùï /dashboard/suppliers                     4.63 kB          97 kB
Γö£ Γùï /dashboard/upload                        19.2 kB         106 kB
Γö£ Γùï /dashboard/warehouses                    2.77 kB        95.1 kB
Γöö Γùï /login                                   2.06 kB        94.7 kB
+ First Load JS shared by all                87.3 kB
  Γö£ chunks/2117-48dd329037268539.js          31.7 kB
  Γö£ chunks/fd9d1056-ede0baef917ecac3.js      53.6 kB
  Γöö other shared chunks (total)              1.95 kB


╞Æ Middleware                                 27.3 kB

Γùï  (Static)   prerendered as static content
╞Æ  (Dynamic)  server-rendered on demand

